
> backend@1.0.0 test
> jest --coverage --detectOpenHandles --forceExit --coverage

FAIL __tests__/controllers/certificadoController.test.js
  ● Console

    console.error
      Error al validar ObjectId: TypeError: mongoose.Types.ObjectId.createFromHexString is not a function
          at createFromHexString (/home/juandam/Luckas/backend/controllers/certificadoControllers.js:16:45)
          at Object.validarIds [as generarCertificado] (/home/juandam/Luckas/backend/controllers/certificadoControllers.js:38:24)
          at Object.generarCertificado (/home/juandam/Luckas/backend/__tests__/controllers/certificadoController.test.js:47:35)
          at Promise.then.completed (/home/juandam/Luckas/backend/node_modules/jest-circus/build/utils.js:298:28)
          at new Promise (<anonymous>)
          at callAsyncCircusFn (/home/juandam/Luckas/backend/node_modules/jest-circus/build/utils.js:231:10)
          at _callCircusTest (/home/juandam/Luckas/backend/node_modules/jest-circus/build/run.js:316:40)
          at processTicksAndRejections (node:internal/process/task_queues:95:5)
          at _runTest (/home/juandam/Luckas/backend/node_modules/jest-circus/build/run.js:252:3)
          at _runTestsForDescribeBlock (/home/juandam/Luckas/backend/node_modules/jest-circus/build/run.js:126:9)
          at _runTestsForDescribeBlock (/home/juandam/Luckas/backend/node_modules/jest-circus/build/run.js:121:9)
          at _runTestsForDescribeBlock (/home/juandam/Luckas/backend/node_modules/jest-circus/build/run.js:121:9)
          at run (/home/juandam/Luckas/backend/node_modules/jest-circus/build/run.js:71:3)
          at runAndTransformResultsToJestFormat (/home/juandam/Luckas/backend/node_modules/jest-circus/build/legacy-code-todo-rewrite/jestAdapterInit.js:122:21)
          at jestAdapter (/home/juandam/Luckas/backend/node_modules/jest-circus/build/legacy-code-todo-rewrite/jestAdapter.js:79:19)
          at runTestInternal (/home/juandam/Luckas/backend/node_modules/jest-runner/build/runTest.js:367:16)
          at runTest (/home/juandam/Luckas/backend/node_modules/jest-runner/build/runTest.js:444:34)

      18 |     };
      19 |   } catch (e) {
    > 20 |     console.error('Error al validar ObjectId:', e);
         |             ^
      21 |     return { valido: false, mensaje: 'ID de usuario o curso inválido', error: e.message };
      22 |   }
      23 | }

      at error (controllers/certificadoControllers.js:20:13)
      at Object.validarIds [as generarCertificado] (controllers/certificadoControllers.js:38:24)
      at Object.generarCertificado (__tests__/controllers/certificadoController.test.js:47:35)

    console.error
      Error al validar ObjectId: TypeError: mongoose.Types.ObjectId.createFromHexString is not a function
          at createFromHexString (/home/juandam/Luckas/backend/controllers/certificadoControllers.js:16:45)
          at Object.validarIds [as generarCertificado] (/home/juandam/Luckas/backend/controllers/certificadoControllers.js:38:24)
          at Object.generarCertificado (/home/juandam/Luckas/backend/__tests__/controllers/certificadoController.test.js:63:35)
          at Promise.then.completed (/home/juandam/Luckas/backend/node_modules/jest-circus/build/utils.js:298:28)
          at new Promise (<anonymous>)
          at callAsyncCircusFn (/home/juandam/Luckas/backend/node_modules/jest-circus/build/utils.js:231:10)
          at _callCircusTest (/home/juandam/Luckas/backend/node_modules/jest-circus/build/run.js:316:40)
          at processTicksAndRejections (node:internal/process/task_queues:95:5)
          at _runTest (/home/juandam/Luckas/backend/node_modules/jest-circus/build/run.js:252:3)
          at _runTestsForDescribeBlock (/home/juandam/Luckas/backend/node_modules/jest-circus/build/run.js:126:9)
          at _runTestsForDescribeBlock (/home/juandam/Luckas/backend/node_modules/jest-circus/build/run.js:121:9)
          at _runTestsForDescribeBlock (/home/juandam/Luckas/backend/node_modules/jest-circus/build/run.js:121:9)
          at run (/home/juandam/Luckas/backend/node_modules/jest-circus/build/run.js:71:3)
          at runAndTransformResultsToJestFormat (/home/juandam/Luckas/backend/node_modules/jest-circus/build/legacy-code-todo-rewrite/jestAdapterInit.js:122:21)
          at jestAdapter (/home/juandam/Luckas/backend/node_modules/jest-circus/build/legacy-code-todo-rewrite/jestAdapter.js:79:19)
          at runTestInternal (/home/juandam/Luckas/backend/node_modules/jest-runner/build/runTest.js:367:16)
          at runTest (/home/juandam/Luckas/backend/node_modules/jest-runner/build/runTest.js:444:34)

      18 |     };
      19 |   } catch (e) {
    > 20 |     console.error('Error al validar ObjectId:', e);
         |             ^
      21 |     return { valido: false, mensaje: 'ID de usuario o curso inválido', error: e.message };
      22 |   }
      23 | }

      at error (controllers/certificadoControllers.js:20:13)
      at Object.validarIds [as generarCertificado] (controllers/certificadoControllers.js:38:24)
      at Object.generarCertificado (__tests__/controllers/certificadoController.test.js:63:35)

    console.error
      Error al validar ObjectId: TypeError: mongoose.Types.ObjectId.createFromHexString is not a function
          at createFromHexString (/home/juandam/Luckas/backend/controllers/certificadoControllers.js:16:45)
          at Object.validarIds [as generarCertificado] (/home/juandam/Luckas/backend/controllers/certificadoControllers.js:38:24)
          at Object.generarCertificado (/home/juandam/Luckas/backend/__tests__/controllers/certificadoController.test.js:81:35)
          at Promise.then.completed (/home/juandam/Luckas/backend/node_modules/jest-circus/build/utils.js:298:28)
          at new Promise (<anonymous>)
          at callAsyncCircusFn (/home/juandam/Luckas/backend/node_modules/jest-circus/build/utils.js:231:10)
          at _callCircusTest (/home/juandam/Luckas/backend/node_modules/jest-circus/build/run.js:316:40)
          at processTicksAndRejections (node:internal/process/task_queues:95:5)
          at _runTest (/home/juandam/Luckas/backend/node_modules/jest-circus/build/run.js:252:3)
          at _runTestsForDescribeBlock (/home/juandam/Luckas/backend/node_modules/jest-circus/build/run.js:126:9)
          at _runTestsForDescribeBlock (/home/juandam/Luckas/backend/node_modules/jest-circus/build/run.js:121:9)
          at _runTestsForDescribeBlock (/home/juandam/Luckas/backend/node_modules/jest-circus/build/run.js:121:9)
          at run (/home/juandam/Luckas/backend/node_modules/jest-circus/build/run.js:71:3)
          at runAndTransformResultsToJestFormat (/home/juandam/Luckas/backend/node_modules/jest-circus/build/legacy-code-todo-rewrite/jestAdapterInit.js:122:21)
          at jestAdapter (/home/juandam/Luckas/backend/node_modules/jest-circus/build/legacy-code-todo-rewrite/jestAdapter.js:79:19)
          at runTestInternal (/home/juandam/Luckas/backend/node_modules/jest-runner/build/runTest.js:367:16)
          at runTest (/home/juandam/Luckas/backend/node_modules/jest-runner/build/runTest.js:444:34)

      18 |     };
      19 |   } catch (e) {
    > 20 |     console.error('Error al validar ObjectId:', e);
         |             ^
      21 |     return { valido: false, mensaje: 'ID de usuario o curso inválido', error: e.message };
      22 |   }
      23 | }

      at error (controllers/certificadoControllers.js:20:13)
      at Object.validarIds [as generarCertificado] (controllers/certificadoControllers.js:38:24)
      at Object.generarCertificado (__tests__/controllers/certificadoController.test.js:81:35)

    console.error
      Error al validar ObjectId: TypeError: mongoose.Types.ObjectId.createFromHexString is not a function
          at createFromHexString (/home/juandam/Luckas/backend/controllers/certificadoControllers.js:16:45)
          at Object.validarIds [as generarCertificado] (/home/juandam/Luckas/backend/controllers/certificadoControllers.js:38:24)
          at Object.generarCertificado (/home/juandam/Luckas/backend/__tests__/controllers/certificadoController.test.js:100:35)
          at Promise.then.completed (/home/juandam/Luckas/backend/node_modules/jest-circus/build/utils.js:298:28)
          at new Promise (<anonymous>)
          at callAsyncCircusFn (/home/juandam/Luckas/backend/node_modules/jest-circus/build/utils.js:231:10)
          at _callCircusTest (/home/juandam/Luckas/backend/node_modules/jest-circus/build/run.js:316:40)
          at processTicksAndRejections (node:internal/process/task_queues:95:5)
          at _runTest (/home/juandam/Luckas/backend/node_modules/jest-circus/build/run.js:252:3)
          at _runTestsForDescribeBlock (/home/juandam/Luckas/backend/node_modules/jest-circus/build/run.js:126:9)
          at _runTestsForDescribeBlock (/home/juandam/Luckas/backend/node_modules/jest-circus/build/run.js:121:9)
          at _runTestsForDescribeBlock (/home/juandam/Luckas/backend/node_modules/jest-circus/build/run.js:121:9)
          at run (/home/juandam/Luckas/backend/node_modules/jest-circus/build/run.js:71:3)
          at runAndTransformResultsToJestFormat (/home/juandam/Luckas/backend/node_modules/jest-circus/build/legacy-code-todo-rewrite/jestAdapterInit.js:122:21)
          at jestAdapter (/home/juandam/Luckas/backend/node_modules/jest-circus/build/legacy-code-todo-rewrite/jestAdapter.js:79:19)
          at runTestInternal (/home/juandam/Luckas/backend/node_modules/jest-runner/build/runTest.js:367:16)
          at runTest (/home/juandam/Luckas/backend/node_modules/jest-runner/build/runTest.js:444:34)

      18 |     };
      19 |   } catch (e) {
    > 20 |     console.error('Error al validar ObjectId:', e);
         |             ^
      21 |     return { valido: false, mensaje: 'ID de usuario o curso inválido', error: e.message };
      22 |   }
      23 | }

      at error (controllers/certificadoControllers.js:20:13)
      at Object.validarIds [as generarCertificado] (controllers/certificadoControllers.js:38:24)
      at Object.generarCertificado (__tests__/controllers/certificadoController.test.js:100:35)

    console.error
      Error al validar ObjectId: TypeError: mongoose.Types.ObjectId.createFromHexString is not a function
          at createFromHexString (/home/juandam/Luckas/backend/controllers/certificadoControllers.js:16:45)
          at Object.validarIds [as generarCertificado] (/home/juandam/Luckas/backend/controllers/certificadoControllers.js:38:24)
          at Object.generarCertificado (/home/juandam/Luckas/backend/__tests__/controllers/certificadoController.test.js:122:35)
          at Promise.then.completed (/home/juandam/Luckas/backend/node_modules/jest-circus/build/utils.js:298:28)
          at new Promise (<anonymous>)
          at callAsyncCircusFn (/home/juandam/Luckas/backend/node_modules/jest-circus/build/utils.js:231:10)
          at _callCircusTest (/home/juandam/Luckas/backend/node_modules/jest-circus/build/run.js:316:40)
          at processTicksAndRejections (node:internal/process/task_queues:95:5)
          at _runTest (/home/juandam/Luckas/backend/node_modules/jest-circus/build/run.js:252:3)
          at _runTestsForDescribeBlock (/home/juandam/Luckas/backend/node_modules/jest-circus/build/run.js:126:9)
          at _runTestsForDescribeBlock (/home/juandam/Luckas/backend/node_modules/jest-circus/build/run.js:121:9)
          at _runTestsForDescribeBlock (/home/juandam/Luckas/backend/node_modules/jest-circus/build/run.js:121:9)
          at run (/home/juandam/Luckas/backend/node_modules/jest-circus/build/run.js:71:3)
          at runAndTransformResultsToJestFormat (/home/juandam/Luckas/backend/node_modules/jest-circus/build/legacy-code-todo-rewrite/jestAdapterInit.js:122:21)
          at jestAdapter (/home/juandam/Luckas/backend/node_modules/jest-circus/build/legacy-code-todo-rewrite/jestAdapter.js:79:19)
          at runTestInternal (/home/juandam/Luckas/backend/node_modules/jest-runner/build/runTest.js:367:16)
          at runTest (/home/juandam/Luckas/backend/node_modules/jest-runner/build/runTest.js:444:34)

      18 |     };
      19 |   } catch (e) {
    > 20 |     console.error('Error al validar ObjectId:', e);
         |             ^
      21 |     return { valido: false, mensaje: 'ID de usuario o curso inválido', error: e.message };
      22 |   }
      23 | }

      at error (controllers/certificadoControllers.js:20:13)
      at Object.validarIds [as generarCertificado] (controllers/certificadoControllers.js:38:24)
      at Object.generarCertificado (__tests__/controllers/certificadoController.test.js:122:35)

    console.error
      Error al obtener estadísticas de certificados: Error: DB Error
          at Object.<anonymous> (/home/juandam/Luckas/backend/__tests__/controllers/certificadoController.test.js:147:64)
          at Promise.then.completed (/home/juandam/Luckas/backend/node_modules/jest-circus/build/utils.js:298:28)
          at new Promise (<anonymous>)
          at callAsyncCircusFn (/home/juandam/Luckas/backend/node_modules/jest-circus/build/utils.js:231:10)
          at _callCircusTest (/home/juandam/Luckas/backend/node_modules/jest-circus/build/run.js:316:40)
          at processTicksAndRejections (node:internal/process/task_queues:95:5)
          at _runTest (/home/juandam/Luckas/backend/node_modules/jest-circus/build/run.js:252:3)
          at _runTestsForDescribeBlock (/home/juandam/Luckas/backend/node_modules/jest-circus/build/run.js:126:9)
          at _runTestsForDescribeBlock (/home/juandam/Luckas/backend/node_modules/jest-circus/build/run.js:121:9)
          at _runTestsForDescribeBlock (/home/juandam/Luckas/backend/node_modules/jest-circus/build/run.js:121:9)
          at run (/home/juandam/Luckas/backend/node_modules/jest-circus/build/run.js:71:3)
          at runAndTransformResultsToJestFormat (/home/juandam/Luckas/backend/node_modules/jest-circus/build/legacy-code-todo-rewrite/jestAdapterInit.js:122:21)
          at jestAdapter (/home/juandam/Luckas/backend/node_modules/jest-circus/build/legacy-code-todo-rewrite/jestAdapter.js:79:19)
          at runTestInternal (/home/juandam/Luckas/backend/node_modules/jest-runner/build/runTest.js:367:16)
          at runTest (/home/juandam/Luckas/backend/node_modules/jest-runner/build/runTest.js:444:34)

      205 |     });
      206 |   } catch (error) {
    > 207 |     console.error('Error al obtener estadísticas de certificados:', error);
          |             ^
      208 |     res.status(500).json({ message: 'Error al obtener estadísticas de certificados' });
      209 |   }
      210 | };

      at Object.error [as obtenerEstadisticasCertificados] (controllers/certificadoControllers.js:207:13)
      at Object.<anonymous> (__tests__/controllers/certificadoController.test.js:149:7)

  ● Certificado Controller › generarCertificado › should return 400 if no valid inscripcion

    expect(jest.fn()).toHaveBeenCalledWith(...expected)

    Expected: ObjectContaining {"message": "El usuario no tiene una inscripción válida."}
    Received: {"message": "ID de usuario o curso inválido", "success": false}

    Number of calls: 1

      64 |
      65 |       expect(res.status).toHaveBeenCalledWith(400);
    > 66 |       expect(res.json).toHaveBeenCalledWith(expect.objectContaining({
         |                        ^
      67 |         message: 'El usuario no tiene una inscripción válida.'
      68 |       }));
      69 |     });

      at Object.toHaveBeenCalledWith (__tests__/controllers/certificadoController.test.js:66:24)

  ● Certificado Controller › generarCertificado › should return 400 if not ProgramaAcademico

    expect(jest.fn()).toHaveBeenCalledWith(...expected)

    Expected: ObjectContaining {"message": "Solo se generan certificados para programas académicos."}
    Received: {"message": "ID de usuario o curso inválido", "success": false}

    Number of calls: 1

      82 |
      83 |       expect(res.status).toHaveBeenCalledWith(400);
    > 84 |       expect(res.json).toHaveBeenCalledWith(expect.objectContaining({
         |                        ^
      85 |         message: 'Solo se generan certificados para programas académicos.'
      86 |       }));
      87 |     });

      at Object.toHaveBeenCalledWith (__tests__/controllers/certificadoController.test.js:84:24)

  ● Certificado Controller › generarCertificado › should return 404 if usuario not found

    expect(jest.fn()).toHaveBeenCalledWith(...expected)

    Expected: 404
    Received: 400

    Number of calls: 1

      100 |       await certificadoController.generarCertificado(req, res);
      101 |
    > 102 |       expect(res.status).toHaveBeenCalledWith(404);
          |                          ^
      103 |     });
      104 |
      105 |     it('should return 404 if curso not found', async () => {

      at Object.toHaveBeenCalledWith (__tests__/controllers/certificadoController.test.js:102:26)

  ● Certificado Controller › generarCertificado › should return 404 if curso not found

    expect(jest.fn()).toHaveBeenCalledWith(...expected)

    Expected: 404
    Received: 400

    Number of calls: 1

      122 |       await certificadoController.generarCertificado(req, res);
      123 |
    > 124 |       expect(res.status).toHaveBeenCalledWith(404);
          |                          ^
      125 |     });
      126 |   });
      127 |

      at Object.toHaveBeenCalledWith (__tests__/controllers/certificadoController.test.js:124:26)

FAIL __tests__/controllers/categorizacionController.test.js
  ● Console

    console.log
      [CATEGORIA] Datos recibidos: { nombre: 'Test Category', codigo: 'test', tipo: 'general' }

      at Object.log [as crearCategoria] (controllers/categorizacionController.js:12:13)

    console.log
      [CATEGORIA] Datos recibidos: { nombre: 'Test' }

      at Object.log [as crearCategoria] (controllers/categorizacionController.js:12:13)

    console.log
      [CATEGORIA] Datos recibidos: { nombre: 'Test Category', codigo: 'TEST', tipo: 'general' }

      at Object.log [as crearCategoria] (controllers/categorizacionController.js:12:13)

    console.error
      [CATEGORIA] Error al actualizar: TypeError: mongoose.Types.ObjectId.createFromHexString is not a function
          at Object.createFromHexString (/home/juandam/Luckas/backend/controllers/categorizacionController.js:135:44)
          at Object.actualizarCategoria (/home/juandam/Luckas/backend/__tests__/controllers/categorizacionController.test.js:170:38)
          at Promise.then.completed (/home/juandam/Luckas/backend/node_modules/jest-circus/build/utils.js:298:28)
          at new Promise (<anonymous>)
          at callAsyncCircusFn (/home/juandam/Luckas/backend/node_modules/jest-circus/build/utils.js:231:10)
          at _callCircusTest (/home/juandam/Luckas/backend/node_modules/jest-circus/build/run.js:316:40)
          at _runTest (/home/juandam/Luckas/backend/node_modules/jest-circus/build/run.js:252:3)
          at _runTestsForDescribeBlock (/home/juandam/Luckas/backend/node_modules/jest-circus/build/run.js:126:9)
          at _runTestsForDescribeBlock (/home/juandam/Luckas/backend/node_modules/jest-circus/build/run.js:121:9)
          at _runTestsForDescribeBlock (/home/juandam/Luckas/backend/node_modules/jest-circus/build/run.js:121:9)
          at run (/home/juandam/Luckas/backend/node_modules/jest-circus/build/run.js:71:3)
          at runAndTransformResultsToJestFormat (/home/juandam/Luckas/backend/node_modules/jest-circus/build/legacy-code-todo-rewrite/jestAdapterInit.js:122:21)
          at jestAdapter (/home/juandam/Luckas/backend/node_modules/jest-circus/build/legacy-code-todo-rewrite/jestAdapter.js:79:19)
          at runTestInternal (/home/juandam/Luckas/backend/node_modules/jest-runner/build/runTest.js:367:16)
          at runTest (/home/juandam/Luckas/backend/node_modules/jest-runner/build/runTest.js:444:34)

      202 |
      203 |   } catch (error) {
    > 204 |     console.error('[CATEGORIA] Error al actualizar:', error);
          |             ^
      205 |     res.status(500).json({
      206 |       success: false,
      207 |       message: 'Error al actualizar la categoría',

      at Object.error [as actualizarCategoria] (controllers/categorizacionController.js:204:13)
      at Object.actualizarCategoria (__tests__/controllers/categorizacionController.test.js:170:38)

    console.error
      [CATEGORIA] Error al actualizar: TypeError: mongoose.Types.ObjectId.createFromHexString is not a function
          at Object.createFromHexString (/home/juandam/Luckas/backend/controllers/categorizacionController.js:135:44)
          at Object.actualizarCategoria (/home/juandam/Luckas/backend/__tests__/controllers/categorizacionController.test.js:183:38)
          at Promise.then.completed (/home/juandam/Luckas/backend/node_modules/jest-circus/build/utils.js:298:28)
          at new Promise (<anonymous>)
          at callAsyncCircusFn (/home/juandam/Luckas/backend/node_modules/jest-circus/build/utils.js:231:10)
          at _callCircusTest (/home/juandam/Luckas/backend/node_modules/jest-circus/build/run.js:316:40)
          at _runTest (/home/juandam/Luckas/backend/node_modules/jest-circus/build/run.js:252:3)
          at _runTestsForDescribeBlock (/home/juandam/Luckas/backend/node_modules/jest-circus/build/run.js:126:9)
          at _runTestsForDescribeBlock (/home/juandam/Luckas/backend/node_modules/jest-circus/build/run.js:121:9)
          at _runTestsForDescribeBlock (/home/juandam/Luckas/backend/node_modules/jest-circus/build/run.js:121:9)
          at run (/home/juandam/Luckas/backend/node_modules/jest-circus/build/run.js:71:3)
          at runAndTransformResultsToJestFormat (/home/juandam/Luckas/backend/node_modules/jest-circus/build/legacy-code-todo-rewrite/jestAdapterInit.js:122:21)
          at jestAdapter (/home/juandam/Luckas/backend/node_modules/jest-circus/build/legacy-code-todo-rewrite/jestAdapter.js:79:19)
          at runTestInternal (/home/juandam/Luckas/backend/node_modules/jest-runner/build/runTest.js:367:16)
          at runTest (/home/juandam/Luckas/backend/node_modules/jest-runner/build/runTest.js:444:34)

      202 |
      203 |   } catch (error) {
    > 204 |     console.error('[CATEGORIA] Error al actualizar:', error);
          |             ^
      205 |     res.status(500).json({
      206 |       success: false,
      207 |       message: 'Error al actualizar la categoría',

      at Object.error [as actualizarCategoria] (controllers/categorizacionController.js:204:13)
      at Object.actualizarCategoria (__tests__/controllers/categorizacionController.test.js:183:38)

  ● Categorizacion Controller › actualizarCategoria › should update categoria

    expect(jest.fn()).toHaveBeenCalledWith(...expected)

    - Expected
    + Received

      Object {
    -   "data": Object {
    -     "_id": "cat-123",
    -     "nombre": "Updated",
    -   },
    -   "message": "Categoría actualizada exitosamente",
    -   "success": true,
    +   "error": "mongoose.Types.ObjectId.createFromHexString is not a function",
    +   "message": "Error al actualizar la categoría",
    +   "success": false,
      },

    Number of calls: 1

      170 |       await categorizacionController.actualizarCategoria(req, res);
      171 |
    > 172 |       expect(res.json).toHaveBeenCalledWith({
          |                        ^
      173 |         success: true,
      174 |         message: 'Categoría actualizada exitosamente',
      175 |         data: mockCategoria

      at Object.toHaveBeenCalledWith (__tests__/controllers/categorizacionController.test.js:172:24)

  ● Categorizacion Controller › actualizarCategoria › should return 400 for invalid ID

    expect(jest.fn()).toHaveBeenCalledWith(...expected)

    Expected: 400
    Received: 500

    Number of calls: 1

      183 |       await categorizacionController.actualizarCategoria(req, res);
      184 |
    > 185 |       expect(res.status).toHaveBeenCalledWith(400);
          |                          ^
      186 |     });
      187 |   });
      188 |

      at Object.toHaveBeenCalledWith (__tests__/controllers/categorizacionController.test.js:185:26)

FAIL __tests__/controllers/reservasController.test.js
  ● Console

    console.log
      === DEBUG RESERVA ===

      at Object.log [as crearReserva] (controllers/reservasController.js:98:13)

    console.log
      Datos recibidos: {
        "usuario": "user-123",
        "cabana": "cabana-123",
        "fechaInicio": "2024-01-01",
        "fechaFin": "2024-01-05",
        "numeroPersonas": 4,
        "estado": "pendiente"
      }

      at Object.log [as crearReserva] (controllers/reservasController.js:99:13)

    console.log
      Usuario autenticado: user-123

      at Object.log [as crearReserva] (controllers/reservasController.js:100:13)

    console.log
      Rol del usuario: undefined

      at Object.log [as crearReserva] (controllers/reservasController.js:101:13)

    console.log
      ❌ CAMPOS FALTANTES: [
        'nombre',
        'apellido',
        'tipoDocumento',
        'numeroDocumento',
        'correoElectronico',
        'telefono'
      ]

      at Object.log [as crearReserva] (controllers/reservasController.js:108:15)

    console.log
      === DEBUG RESERVA ===

      at Object.log [as crearReserva] (controllers/reservasController.js:98:13)

    console.log
      Datos recibidos: {
        "usuario": "user-123"
      }

      at Object.log [as crearReserva] (controllers/reservasController.js:99:13)

    console.log
      Usuario autenticado: user-123

      at Object.log [as crearReserva] (controllers/reservasController.js:100:13)

    console.log
      Rol del usuario: undefined

      at Object.log [as crearReserva] (controllers/reservasController.js:101:13)

    console.log
      ❌ CAMPOS FALTANTES: [
        'cabana',
        'fechaInicio',
        'fechaFin',
        'nombre',
        'apellido',
        'tipoDocumento',
        'numeroDocumento',
        'correoElectronico',
        'telefono',
        'numeroPersonas'
      ]

      at Object.log [as crearReserva] (controllers/reservasController.js:108:15)

    console.error
      Error al obtener estadísticas de reservas: Error: DB Error
          at Object.<anonymous> (/home/juandam/Luckas/backend/__tests__/controllers/reservasController.test.js:268:60)
          at Promise.then.completed (/home/juandam/Luckas/backend/node_modules/jest-circus/build/utils.js:298:28)
          at new Promise (<anonymous>)
          at callAsyncCircusFn (/home/juandam/Luckas/backend/node_modules/jest-circus/build/utils.js:231:10)
          at _callCircusTest (/home/juandam/Luckas/backend/node_modules/jest-circus/build/run.js:316:40)
          at _runTest (/home/juandam/Luckas/backend/node_modules/jest-circus/build/run.js:252:3)
          at _runTestsForDescribeBlock (/home/juandam/Luckas/backend/node_modules/jest-circus/build/run.js:126:9)
          at _runTestsForDescribeBlock (/home/juandam/Luckas/backend/node_modules/jest-circus/build/run.js:121:9)
          at _runTestsForDescribeBlock (/home/juandam/Luckas/backend/node_modules/jest-circus/build/run.js:121:9)
          at run (/home/juandam/Luckas/backend/node_modules/jest-circus/build/run.js:71:3)
          at runAndTransformResultsToJestFormat (/home/juandam/Luckas/backend/node_modules/jest-circus/build/legacy-code-todo-rewrite/jestAdapterInit.js:122:21)
          at jestAdapter (/home/juandam/Luckas/backend/node_modules/jest-circus/build/legacy-code-todo-rewrite/jestAdapter.js:79:19)
          at runTestInternal (/home/juandam/Luckas/backend/node_modules/jest-runner/build/runTest.js:367:16)
          at runTest (/home/juandam/Luckas/backend/node_modules/jest-runner/build/runTest.js:444:34)

      370 |     });
      371 |   } catch (error) {
    > 372 |     console.error('Error al obtener estadísticas de reservas:', error);
          |             ^
      373 |     res.status(500).json({ success: false, message: 'Error al obtener estadísticas de reservas' });
      374 |   }
      375 | };

      at Object.error [as obtenerEstadisticasReservas] (controllers/reservasController.js:372:13)
      at Object.<anonymous> (__tests__/controllers/reservasController.test.js:270:7)

  ● Reservas Controller › crearReserva › should create a reserva successfully

    expect(jest.fn()).toHaveBeenCalledWith(...expected)

    Expected: 201
    Received: 400

    Number of calls: 1

      58 |       await reservasController.crearReserva(req, res);
      59 |
    > 60 |       expect(res.status).toHaveBeenCalledWith(201);
         |                          ^
      61 |       expect(res.json).toHaveBeenCalledWith(expect.objectContaining({
      62 |         success: true
      63 |       }));

      at Object.toHaveBeenCalledWith (__tests__/controllers/reservasController.test.js:60:26)

  ● Reservas Controller › obtenerReservas › should return all reservas

    expect(jest.fn()).toHaveBeenCalledWith(...expected)

    Expected: 200

    Number of calls: 0

      94 |       await reservasController.obtenerReservas(req, res);
      95 |
    > 96 |       expect(res.status).toHaveBeenCalledWith(200);
         |                          ^
      97 |       expect(res.json).toHaveBeenCalledWith({
      98 |         success: true,
      99 |         data: mockReservas

      at Object.toHaveBeenCalledWith (__tests__/controllers/reservasController.test.js:96:26)

  ● Reservas Controller › obtenerReservaPorId › should return a reserva by id

    expect(jest.fn()).toHaveBeenCalledWith(...expected)

    Expected: 200
    Received: 500

    Number of calls: 1

      123 |       await reservasController.obtenerReservaPorId(req, res);
      124 |
    > 125 |       expect(res.status).toHaveBeenCalledWith(200);
          |                          ^
      126 |       expect(res.json).toHaveBeenCalledWith({
      127 |         success: true,
      128 |         data: mockReserva

      at Object.toHaveBeenCalledWith (__tests__/controllers/reservasController.test.js:125:26)

  ● Reservas Controller › obtenerReservaPorId › should return 404 if reserva not found

    expect(jest.fn()).toHaveBeenCalledWith(...expected)

    Expected: 404
    Received: 500

    Number of calls: 1

      137 |       await reservasController.obtenerReservaPorId(req, res);
      138 |
    > 139 |       expect(res.status).toHaveBeenCalledWith(404);
          |                          ^
      140 |     });
      141 |   });
      142 |

      at Object.toHaveBeenCalledWith (__tests__/controllers/reservasController.test.js:139:26)

  ● Reservas Controller › actualizarReserva › should update a reserva

    expect(jest.fn()).toHaveBeenCalledWith(...expected)

    Expected: 200

    Number of calls: 0

      155 |       await reservasController.actualizarReserva(req, res);
      156 |
    > 157 |       expect(res.status).toHaveBeenCalledWith(200);
          |                          ^
      158 |       expect(res.json).toHaveBeenCalledWith({
      159 |         success: true,
      160 |         data: mockReserva

      at Object.toHaveBeenCalledWith (__tests__/controllers/reservasController.test.js:157:26)

  ● Reservas Controller › eliminarReserva › should delete a reserva

    expect(jest.fn()).toHaveBeenCalledWith(...expected)

    Expected: 200

    Number of calls: 0

      184 |       await reservasController.eliminarReserva(req, res);
      185 |
    > 186 |       expect(res.status).toHaveBeenCalledWith(200);
          |                          ^
      187 |       expect(res.json).toHaveBeenCalledWith({
      188 |         success: true,
      189 |         message: 'Reserva eliminada'

      at Object.toHaveBeenCalledWith (__tests__/controllers/reservasController.test.js:186:26)

  ● Reservas Controller › obtenerReservasPorUsuario › should return reservas for a user

    expect(jest.fn()).toHaveBeenCalledWith(...expected)

    Expected: 200

    Number of calls: 0

      215 |       await reservasController.obtenerReservasPorUsuario(req, res);
      216 |
    > 217 |       expect(res.status).toHaveBeenCalledWith(200);
          |                          ^
      218 |       expect(res.json).toHaveBeenCalledWith({
      219 |         success: true,
      220 |         data: mockReservas

      at Object.toHaveBeenCalledWith (__tests__/controllers/reservasController.test.js:217:26)

  ● Reservas Controller › toggleReservaActivation › should toggle reserva activation

    expect(jest.fn()).toHaveBeenCalledWith(...expected)

    Expected: 200

    Number of calls: 0

      238 |
      239 |       expect(mockReserva.activo).toBe(false);
    > 240 |       expect(res.status).toHaveBeenCalledWith(200);
          |                          ^
      241 |     });
      242 |   });
      243 |

      at Object.toHaveBeenCalledWith (__tests__/controllers/reservasController.test.js:240:26)

  ● Reservas Controller › obtenerEstadisticasReservas › should return reservas statistics

    expect(jest.fn()).toHaveBeenCalledWith(...expected)

    Expected: ObjectContaining {"canceladas": 5, "confirmadas": 25, "pendientes": 20, "totalReservas": 50}
    Received: {"activas": 20, "canceladas": undefined, "confirmadas": 5, "finalizadas": undefined, "nuevasEsteMes": undefined, "pendientes": 25, "reservasPorCabana": [{"_id": null, "total": 10000}], "reservasPorMes": [{"month": "2025-06", "total": undefined}, {"month": "2025-07", "total": undefined}, {"month": "2025-08", "total": undefined}, {"month": "2025-09", "total": undefined}, {"month": "2025-10", "total": undefined}, {"month": "2025-11", "total": undefined}], "totalReservas": 50}

    Number of calls: 1

      257 |
      258 |       expect(res.status).toHaveBeenCalledWith(200);
    > 259 |       expect(res.json).toHaveBeenCalledWith(expect.objectContaining({
          |                        ^
      260 |         totalReservas: 50,
      261 |         pendientes: 20,
      262 |         confirmadas: 25,

      at Object.toHaveBeenCalledWith (__tests__/controllers/reservasController.test.js:259:24)

FAIL __tests__/controllers/tareaController.test.js
  ● Console

    console.log
      Datos recibidos: {
        asignadoA: 'user-456',
        asignadoPor: 'user-123',
        titulo: 'Tarea Test',
        descripcion: 'Descripción test'
      }

      at Object.log [as crearTarea] (controllers/tareaController.js:110:17)

    console.log
      User ID: user-123 Role: admin

      at Object.log [as crearTarea] (controllers/tareaController.js:111:17)

    console.log
      Datos recibidos: { asignadoA: 'invalid-id', asignadoPor: 'user-123' }

      at Object.log [as crearTarea] (controllers/tareaController.js:110:17)

    console.log
      User ID: user-123 Role: admin

      at Object.log [as crearTarea] (controllers/tareaController.js:111:17)

    console.log
      Datos recibidos: {
        asignadoA: '507f1f77bcf86cd799439011',
        asignadoPor: '507f1f77bcf86cd799439012'
      }

      at Object.log [as crearTarea] (controllers/tareaController.js:110:17)

    console.log
      User ID: user-123 Role: admin

      at Object.log [as crearTarea] (controllers/tareaController.js:111:17)

  ● Tarea Controller › crearTarea › should return 400 if asignadoA ID is invalid

    expect(jest.fn()).toHaveBeenCalledWith(...expected)

    Expected: 400
    Received: 404

    Number of calls: 1

      67 |       await tareaController.crearTarea(req, res);
      68 |
    > 69 |       expect(res.status).toHaveBeenCalledWith(400);
         |                          ^
      70 |     });
      71 |
      72 |     it('should return 404 if usuario asignado does not exist', async () => {

      at Object.toHaveBeenCalledWith (__tests__/controllers/tareaController.test.js:69:26)

  ● Tarea Controller › obtenerTareasPorUsuario › should return 400 for invalid usuarioId

    expect(jest.fn()).toHaveBeenCalledWith(...expected)

    Expected: 400

    Number of calls: 0

      304 |       await tareaController.obtenerTareasPorUsuario(req, res);
      305 |
    > 306 |       expect(res.status).toHaveBeenCalledWith(400);
          |                          ^
      307 |     });
      308 |   });
      309 |

      at Object.toHaveBeenCalledWith (__tests__/controllers/tareaController.test.js:306:26)

PASS __tests__/routes/eventos.test.js
  ● Console

    console.log
      [EVENTOS] Consultando eventos para usuario: undefined ID: undefined

      at log (controllers/eventosController.js:9:13)

    console.log
      [EVENTOS] Total de eventos en BD: 2

      at log (controllers/eventosController.js:13:13)

    console.log
      [EVENTOS] Eventos activos: 2

      at log (controllers/eventosController.js:17:13)

    console.log
      [EVENTOS] Eventos encontrados después del populate: 2

      at log (controllers/eventosController.js:31:13)

    console.log
      [EVENTOS] Consultando eventos para usuario: undefined ID: undefined

      at log (controllers/eventosController.js:9:13)

    console.error
      [EVENTOS] Error al obtener eventos: Error: DB Error
          at Object.<anonymous> (/home/juandam/Luckas/backend/__tests__/routes/eventos.test.js:62:53)
          at Promise.then.completed (/home/juandam/Luckas/backend/node_modules/jest-circus/build/utils.js:298:28)
          at new Promise (<anonymous>)
          at callAsyncCircusFn (/home/juandam/Luckas/backend/node_modules/jest-circus/build/utils.js:231:10)
          at _callCircusTest (/home/juandam/Luckas/backend/node_modules/jest-circus/build/run.js:316:40)
          at processTicksAndRejections (node:internal/process/task_queues:95:5)
          at _runTest (/home/juandam/Luckas/backend/node_modules/jest-circus/build/run.js:252:3)
          at _runTestsForDescribeBlock (/home/juandam/Luckas/backend/node_modules/jest-circus/build/run.js:126:9)
          at _runTestsForDescribeBlock (/home/juandam/Luckas/backend/node_modules/jest-circus/build/run.js:121:9)
          at _runTestsForDescribeBlock (/home/juandam/Luckas/backend/node_modules/jest-circus/build/run.js:121:9)
          at run (/home/juandam/Luckas/backend/node_modules/jest-circus/build/run.js:71:3)
          at runAndTransformResultsToJestFormat (/home/juandam/Luckas/backend/node_modules/jest-circus/build/legacy-code-todo-rewrite/jestAdapterInit.js:122:21)
          at jestAdapter (/home/juandam/Luckas/backend/node_modules/jest-circus/build/legacy-code-todo-rewrite/jestAdapter.js:79:19)
          at runTestInternal (/home/juandam/Luckas/backend/node_modules/jest-runner/build/runTest.js:367:16)
          at runTest (/home/juandam/Luckas/backend/node_modules/jest-runner/build/runTest.js:444:34)

      33 |     res.status(200).json({ success: true, data: events });
      34 |   } catch (error) {
    > 35 |     console.error('[EVENTOS] Error al obtener eventos:', error);
         |             ^
      36 |     res.status(500).json({ success: false, message: 'Error al obtener eventos', error: error.message });
      37 |   }
      38 | };

      at error (controllers/eventosController.js:35:13)

    console.log
      [UPLOAD] uploadMultipleToCloudinary - Iniciando

      at log (middlewares/uploadCloudinary.js:46:11)

    console.log
      [UPLOAD] req.files: 1

      at log (middlewares/uploadCloudinary.js:47:11)

    console.log
      [EVENTOS] createEvent - Iniciando creación de evento

      at log (controllers/eventosController.js:56:13)

    console.log
      [EVENTOS] req.body: {
        nombre: 'New Event',
        descripcion: 'Desc',
        precio: 100,
        categoria: '507f1f77bcf86cd799439011',
        fechaEvento: '2024-12-31'
      }

      at log (controllers/eventosController.js:57:13)

    console.log
      [EVENTOS] req.files: [
        {
          fieldname: 'imagen',
          originalname: 'test.jpg',
          buffer: <Buffer 6d 6f 63 6b 2d 66 69 6c 65 2d 63 6f 6e 74 65 6e 74>
        }
      ]

      at log (controllers/eventosController.js:58:13)

    console.log
      [EVENTOS] req.cloudinaryUrls: [ 'https://mock-url.com/image.jpg' ]

      at log (controllers/eventosController.js:59:13)

    console.log
      [UPLOAD] uploadMultipleToCloudinary - Iniciando

      at log (middlewares/uploadCloudinary.js:46:11)

    console.log
      [UPLOAD] req.files: 1

      at log (middlewares/uploadCloudinary.js:47:11)

    console.log
      [EVENTOS] createEvent - Iniciando creación de evento

      at log (controllers/eventosController.js:56:13)

    console.log
      [EVENTOS] req.body: {
        nombre: 'New Event',
        descripcion: 'Desc',
        precio: 100,
        categoria: '507f1f77bcf86cd799439011',
        fechaEvento: '2024-12-31'
      }

      at log (controllers/eventosController.js:57:13)

    console.log
      [EVENTOS] req.files: [
        {
          fieldname: 'imagen',
          originalname: 'test.jpg',
          buffer: <Buffer 6d 6f 63 6b 2d 66 69 6c 65 2d 63 6f 6e 74 65 6e 74>
        }
      ]

      at log (controllers/eventosController.js:58:13)

    console.log
      [EVENTOS] req.cloudinaryUrls: [ 'https://mock-url.com/image.jpg' ]

      at log (controllers/eventosController.js:59:13)

    console.log
      [UPLOAD] uploadMultipleToCloudinary - Iniciando

      at log (middlewares/uploadCloudinary.js:46:11)

    console.log
      [UPLOAD] req.files: 1

      at log (middlewares/uploadCloudinary.js:47:11)

    console.log
      [UPLOAD] uploadMultipleToCloudinary - Iniciando

      at log (middlewares/uploadCloudinary.js:46:11)

    console.log
      [UPLOAD] req.files: 1

      at log (middlewares/uploadCloudinary.js:47:11)

PASS __tests__/routes/user.test.js
  ● Console

    console.log
      
      === DIAGNÓSTICO DE RUTA ===

      at log (routes/userRoutes.js:8:13)

    console.log
      [2025-11-29T03:52:08.034Z] GET /api/users

      at log (routes/userRoutes.js:9:13)

    console.log
      Headers: {
        authorization: null,
        'x-access-token': null,
        'user-agent': undefined
      }

      at log (routes/userRoutes.js:10:13)

    console.log
      [CONTROLLER] Ejecutando getAllUsers

      at log (controllers/userController.js:8:13)

    console.log
      [CONTROLLER] - getAllUsers Users found: 2

      at log (controllers/userController.js:11:17)

    console.log
      
      === DIAGNÓSTICO DE RUTA ===

      at log (routes/userRoutes.js:8:13)

    console.log
      [2025-11-29T03:52:08.052Z] GET /api/users/1

      at log (routes/userRoutes.js:9:13)

    console.log
      Headers: {
        authorization: null,
        'x-access-token': null,
        'user-agent': undefined
      }

      at log (routes/userRoutes.js:10:13)

    console.log
      [CONTROLLER] getUserById - req.userId: admin-id

      at log (controllers/userController.js:28:17)

    console.log
      [CONTROLLER] getUserById - req.userRole: admin

      at log (controllers/userController.js:29:17)

    console.log
      [CONTROLLER] getUserById - params.id: 1

      at log (controllers/userController.js:30:17)

    console.log
      [CONTROLLER] getUserById - user._id: 1

      at log (controllers/userController.js:41:17)

    console.log
      [CONTROLLER] Acceso permitido - admin puede ver cualquier usuario

      at log (controllers/userController.js:45:21)

    console.log
      
      === DIAGNÓSTICO DE RUTA ===

      at log (routes/userRoutes.js:8:13)

    console.log
      [2025-11-29T03:52:08.067Z] GET /api/users/1

      at log (routes/userRoutes.js:9:13)

    console.log
      Headers: {
        authorization: null,
        'x-access-token': null,
        'user-agent': undefined
      }

      at log (routes/userRoutes.js:10:13)

    console.log
      [CONTROLLER] getUserById - req.userId: admin-id

      at log (controllers/userController.js:28:17)

    console.log
      [CONTROLLER] getUserById - req.userRole: admin

      at log (controllers/userController.js:29:17)

    console.log
      [CONTROLLER] getUserById - params.id: 1

      at log (controllers/userController.js:30:17)

    console.log
      
      === DIAGNÓSTICO DE RUTA ===

      at log (routes/userRoutes.js:8:13)

    console.log
      [2025-11-29T03:52:08.091Z] PUT /api/users/1

      at log (routes/userRoutes.js:9:13)

    console.log
      Headers: {
        authorization: null,
        'x-access-token': null,
        'user-agent': undefined
      }

      at log (routes/userRoutes.js:10:13)

    console.log
      
      === DIAGNÓSTICO DE RUTA ===

      at log (routes/userRoutes.js:8:13)

    console.log
      [2025-11-29T03:52:08.105Z] DELETE /api/users/1

      at log (routes/userRoutes.js:9:13)

    console.log
      Headers: {
        authorization: null,
        'x-access-token': null,
        'user-agent': undefined
      }

      at log (routes/userRoutes.js:10:13)

    console.log
      [CONTROLLER ] Ejecutando deleteUser para ID: 1

      at log (controllers/userController.js:357:13)

    console.log
      [CONTROLLER] Usuario eliminado: 1

      at log (controllers/userController.js:368:17)

    console.log
      
      === DIAGNÓSTICO DE RUTA ===

      at log (routes/userRoutes.js:8:13)

    console.log
      [2025-11-29T03:52:08.119Z] DELETE /api/users/1

      at log (routes/userRoutes.js:9:13)

    console.log
      Headers: {
        authorization: null,
        'x-access-token': null,
        'user-agent': undefined
      }

      at log (routes/userRoutes.js:10:13)

    console.log
      [CONTROLLER ] Ejecutando deleteUser para ID: 1

      at log (controllers/userController.js:357:13)

    console.log
      [CONTROLLER] Usuario no encontrado para eliminar

      at log (controllers/userController.js:362:21)

PASS __tests__/routes/auth.test.js
  ● Console

    console.log
      [AuthJWT ]Configuracion cargada:  ***ecret

      at Object.log (middlewares/authJwt.js:5:9)

    console.log
      [AuthJWT] Middleware verifyTokenFn es una funcion:  function

      at Object.log (middlewares/authJwt.js:78:9)

    console.log
      [AuthRoutes] verifyToken importado correctamente function

      at Object.log (routes/authRoutes.js:12:13)

    console.log
      [AuthRoutes] Rutas configuradas:  [
        { path: undefined, method: undefined },
        { path: undefined, method: undefined },
        { path: undefined, method: undefined },
        { path: undefined, method: undefined },
        { path: undefined, method: undefined },
        { path: undefined, method: undefined },
        { path: undefined, method: undefined }
      ]

      at Object.log (routes/authRoutes.js:64:9)

    console.log
      
      [AuthRoutes] Peticion recibida:  {
        method: 'POST',
        path: '/signup',
        Headers: { authorization: 'NO', 'x-access-token': 'NO' }
      }

      at log (routes/authRoutes.js:21:13)

    console.log
      [AuthRoutes] middlewares de verificacion de registro

      at log (routes/authRoutes.js:55:17)

    console.log
      
      [AuthRoutes] Peticion recibida:  {
        method: 'POST',
        path: '/signup',
        Headers: { authorization: 'NO', 'x-access-token': 'NO' }
      }

      at log (routes/authRoutes.js:21:13)

    console.log
      [AuthRoutes] middlewares de verificacion de registro

      at log (routes/authRoutes.js:55:17)

    console.log
      
      [AuthRoutes] Peticion recibida:  {
        method: 'POST',
        path: '/signup',
        Headers: { authorization: 'NO', 'x-access-token': 'NO' }
      }

      at log (routes/authRoutes.js:21:13)

    console.log
      [AuthRoutes] middlewares de verificacion de registro

      at log (routes/authRoutes.js:55:17)

    console.error
      [AuthController] Error en registro: { code: 11000, keyPattern: { correo: 1 } }

      76 |
      77 |   } catch (error) {
    > 78 |     console.error('[AuthController] Error en registro:', error);
         |             ^
      79 |
      80 |     // Manejo especial de errores de MongoDB
      81 |     if (error.code === 11000) {

      at error (controllers/authControllers.js:78:13)

    console.log
      
      [AuthRoutes] Peticion recibida:  {
        method: 'POST',
        path: '/signin',
        Headers: { authorization: 'NO', 'x-access-token': 'NO' }
      }

      at log (routes/authRoutes.js:21:13)

    console.log
      [AUTH] Intento de login para: test@example.com

      at log (controllers/authControllers.js:112:13)

    console.log
      [AUTH] Usuario encontrado: Sí

      at log (controllers/authControllers.js:126:13)

    console.log
      [AUTH] Correo del usuario: test@example.com

      at log (controllers/authControllers.js:128:15)

    console.log
      [AUTH] Hash de password almacenado: Existe

      at log (controllers/authControllers.js:129:15)

    console.log
      [AUTH] Comparando contraseñas...

      at log (controllers/authControllers.js:141:13)

    console.log
      [AUTH] Password ingresado: password123

      at log (controllers/authControllers.js:142:13)

    console.log
      [AUTH] Contraseñas coinciden: true

      at log (controllers/authControllers.js:144:13)

    console.log
      [AUTH] Login exitoso para usuario: test@example.com

      at log (controllers/authControllers.js:154:13)

    console.log
      
      [AuthRoutes] Peticion recibida:  {
        method: 'POST',
        path: '/signin',
        Headers: { authorization: 'NO', 'x-access-token': 'NO' }
      }

      at log (routes/authRoutes.js:21:13)

    console.log
      [AUTH] Intento de login para: test@example.com

      at log (controllers/authControllers.js:112:13)

    console.log
      [AUTH] Usuario encontrado: No

      at log (controllers/authControllers.js:126:13)

    console.log
      [AUTH] Usuario no encontrado para correo: test@example.com

      at log (controllers/authControllers.js:133:15)

    console.log
      
      [AuthRoutes] Peticion recibida:  {
        method: 'POST',
        path: '/signin',
        Headers: { authorization: 'NO', 'x-access-token': 'NO' }
      }

      at log (routes/authRoutes.js:21:13)

    console.log
      [AUTH] Intento de login para: test@example.com

      at log (controllers/authControllers.js:112:13)

    console.log
      [AUTH] Usuario encontrado: Sí

      at log (controllers/authControllers.js:126:13)

    console.log
      [AUTH] Correo del usuario: undefined

      at log (controllers/authControllers.js:128:15)

    console.log
      [AUTH] Hash de password almacenado: No existe

      at log (controllers/authControllers.js:129:15)

    console.log
      [AUTH] Comparando contraseñas...

      at log (controllers/authControllers.js:141:13)

    console.log
      [AUTH] Password ingresado: password123

      at log (controllers/authControllers.js:142:13)

    console.log
      [AUTH] Contraseñas coinciden: false

      at log (controllers/authControllers.js:144:13)

    console.log
      [AUTH] Credenciales inválidas para usuario: test@example.com

      at log (controllers/authControllers.js:147:15)

    console.log
      
      [AuthRoutes] Peticion recibida:  {
        method: 'POST',
        path: '/forgot-password',
        Headers: { authorization: 'NO', 'x-access-token': 'NO' }
      }

      at log (routes/authRoutes.js:21:13)

    console.log
      
      [AuthRoutes] Peticion recibida:  {
        method: 'POST',
        path: '/forgot-password',
        Headers: { authorization: 'NO', 'x-access-token': 'NO' }
      }

      at log (routes/authRoutes.js:21:13)

PASS __tests__/controllers/programaAcademicoController.test.js
  ● Console

    console.error
      Error al crear programa académico: Error: DB Error
          at mockModel.<anonymous> (/home/juandam/Luckas/backend/__tests__/controllers/programaAcademicoController.test.js:81:43)
          at /home/juandam/Luckas/backend/node_modules/jest-mock/build/index.js:387:43
          at mockModel.<anonymous> (/home/juandam/Luckas/backend/node_modules/jest-mock/build/index.js:404:13)
          at mockModel.mockConstructor (/home/juandam/Luckas/backend/node_modules/jest-mock/build/index.js:148:19)
          at new mockModel (eval at _createMockFunction (/home/juandam/Luckas/backend/node_modules/jest-mock/build/index.js:566:31), <anonymous>:3:55)
          at Object.<anonymous>.exports.crearProgramaAcademico (/home/juandam/Luckas/backend/controllers/programaAcademicoController.js:14:27)
          at Object.crearProgramaAcademico (/home/juandam/Luckas/backend/__tests__/controllers/programaAcademicoController.test.js:84:32)
          at Promise.then.completed (/home/juandam/Luckas/backend/node_modules/jest-circus/build/utils.js:298:28)
          at new Promise (<anonymous>)
          at callAsyncCircusFn (/home/juandam/Luckas/backend/node_modules/jest-circus/build/utils.js:231:10)
          at _callCircusTest (/home/juandam/Luckas/backend/node_modules/jest-circus/build/run.js:316:40)
          at _runTest (/home/juandam/Luckas/backend/node_modules/jest-circus/build/run.js:252:3)
          at _runTestsForDescribeBlock (/home/juandam/Luckas/backend/node_modules/jest-circus/build/run.js:126:9)
          at _runTestsForDescribeBlock (/home/juandam/Luckas/backend/node_modules/jest-circus/build/run.js:121:9)
          at _runTestsForDescribeBlock (/home/juandam/Luckas/backend/node_modules/jest-circus/build/run.js:121:9)
          at run (/home/juandam/Luckas/backend/node_modules/jest-circus/build/run.js:71:3)
          at runAndTransformResultsToJestFormat (/home/juandam/Luckas/backend/node_modules/jest-circus/build/legacy-code-todo-rewrite/jestAdapterInit.js:122:21)
          at jestAdapter (/home/juandam/Luckas/backend/node_modules/jest-circus/build/legacy-code-todo-rewrite/jestAdapter.js:79:19)
          at runTestInternal (/home/juandam/Luckas/backend/node_modules/jest-runner/build/runTest.js:367:16)
          at runTest (/home/juandam/Luckas/backend/node_modules/jest-runner/build/runTest.js:444:34)

      36 |     res.status(201).json({ success: true, message: 'Programa académico creado exitosamente', data: nuevoPrograma });
      37 |   } catch (error) {
    > 38 |     console.error('Error al crear programa académico:', error);
         |             ^
      39 |     res.status(500).json({ success: false, message: 'Error interno del servidor', error: error.message });
      40 |   }
      41 | };

      at Object.error [as crearProgramaAcademico] (controllers/programaAcademicoController.js:38:13)
      at Object.<anonymous> (__tests__/controllers/programaAcademicoController.test.js:84:7)

    console.error
      Error al obtener estadísticas de programas académicos: Error: DB Error
          at Object.<anonymous> (/home/juandam/Luckas/backend/__tests__/controllers/programaAcademicoController.test.js:257:70)
          at Promise.then.completed (/home/juandam/Luckas/backend/node_modules/jest-circus/build/utils.js:298:28)
          at new Promise (<anonymous>)
          at callAsyncCircusFn (/home/juandam/Luckas/backend/node_modules/jest-circus/build/utils.js:231:10)
          at _callCircusTest (/home/juandam/Luckas/backend/node_modules/jest-circus/build/run.js:316:40)
          at _runTest (/home/juandam/Luckas/backend/node_modules/jest-circus/build/run.js:252:3)
          at _runTestsForDescribeBlock (/home/juandam/Luckas/backend/node_modules/jest-circus/build/run.js:126:9)
          at _runTestsForDescribeBlock (/home/juandam/Luckas/backend/node_modules/jest-circus/build/run.js:121:9)
          at _runTestsForDescribeBlock (/home/juandam/Luckas/backend/node_modules/jest-circus/build/run.js:121:9)
          at run (/home/juandam/Luckas/backend/node_modules/jest-circus/build/run.js:71:3)
          at runAndTransformResultsToJestFormat (/home/juandam/Luckas/backend/node_modules/jest-circus/build/legacy-code-todo-rewrite/jestAdapterInit.js:122:21)
          at jestAdapter (/home/juandam/Luckas/backend/node_modules/jest-circus/build/legacy-code-todo-rewrite/jestAdapter.js:79:19)
          at runTestInternal (/home/juandam/Luckas/backend/node_modules/jest-runner/build/runTest.js:367:16)
          at runTest (/home/juandam/Luckas/backend/node_modules/jest-runner/build/runTest.js:444:34)

      127 |     });
      128 |   } catch (error) {
    > 129 |     console.error('Error al obtener estadísticas de programas académicos:', error);
          |             ^
      130 |     res.status(500).json({ success: false, message: 'Error interno del servidor', error: error.message });
      131 |   }
      132 | };

      at Object.error [as obtenerEstadisticasProgramas] (controllers/programaAcademicoController.js:129:13)
      at Object.<anonymous> (__tests__/controllers/programaAcademicoController.test.js:259:7)

PASS __tests__/controllers/userController.test.js
  ● Console

    console.log
      [CONTROLLER] Ejecutando getAllUsers

      at Object.log [as getAllUsers] (controllers/userController.js:8:13)

    console.log
      [CONTROLLER] - getAllUsers Users found: 2

      at Object.log [as getAllUsers] (controllers/userController.js:11:17)

    console.log
      [CONTROLLER] Ejecutando getAllUsers

      at Object.log [as getAllUsers] (controllers/userController.js:8:13)

    console.error
      [CONTROLLER] - getAllUsers Error: Error: Database error
          at Object.<anonymous> (/home/juandam/Luckas/backend/__tests__/controllers/userController.test.js:48:45)
          at Promise.then.completed (/home/juandam/Luckas/backend/node_modules/jest-circus/build/utils.js:298:28)
          at new Promise (<anonymous>)
          at callAsyncCircusFn (/home/juandam/Luckas/backend/node_modules/jest-circus/build/utils.js:231:10)
          at _callCircusTest (/home/juandam/Luckas/backend/node_modules/jest-circus/build/run.js:316:40)
          at _runTest (/home/juandam/Luckas/backend/node_modules/jest-circus/build/run.js:252:3)
          at _runTestsForDescribeBlock (/home/juandam/Luckas/backend/node_modules/jest-circus/build/run.js:126:9)
          at _runTestsForDescribeBlock (/home/juandam/Luckas/backend/node_modules/jest-circus/build/run.js:121:9)
          at _runTestsForDescribeBlock (/home/juandam/Luckas/backend/node_modules/jest-circus/build/run.js:121:9)
          at run (/home/juandam/Luckas/backend/node_modules/jest-circus/build/run.js:71:3)
          at runAndTransformResultsToJestFormat (/home/juandam/Luckas/backend/node_modules/jest-circus/build/legacy-code-todo-rewrite/jestAdapterInit.js:122:21)
          at jestAdapter (/home/juandam/Luckas/backend/node_modules/jest-circus/build/legacy-code-todo-rewrite/jestAdapter.js:79:19)
          at runTestInternal (/home/juandam/Luckas/backend/node_modules/jest-runner/build/runTest.js:367:16)
          at runTest (/home/juandam/Luckas/backend/node_modules/jest-runner/build/runTest.js:444:34)

      15 |         });
      16 |     } catch (error) {
    > 17 |         console.error('[CONTROLLER] - getAllUsers Error:', error);
         |                 ^
      18 |         res.status(500).json({
      19 |             success: false,
      20 |             message: 'Error retrieving users', error

      at Object.error [as getAllUsers] (controllers/userController.js:17:17)
      at Object.<anonymous> (__tests__/controllers/userController.test.js:51:7)

    console.log
      [CONTROLLER] getUserById - req.userId: userId

      at Object.log [as getUserById] (controllers/userController.js:28:17)

    console.log
      [CONTROLLER] getUserById - req.userRole: admin

      at Object.log [as getUserById] (controllers/userController.js:29:17)

    console.log
      [CONTROLLER] getUserById - params.id: targetUserId

      at Object.log [as getUserById] (controllers/userController.js:30:17)

    console.log
      [CONTROLLER] getUserById - user._id: targetUserId

      at Object.log [as getUserById] (controllers/userController.js:41:17)

    console.log
      [CONTROLLER] Acceso permitido - admin puede ver cualquier usuario

      at Object.log [as getUserById] (controllers/userController.js:45:21)

    console.log
      [CONTROLLER] getUserById - req.userId: userId

      at Object.log [as getUserById] (controllers/userController.js:28:17)

    console.log
      [CONTROLLER] getUserById - req.userRole: admin

      at Object.log [as getUserById] (controllers/userController.js:29:17)

    console.log
      [CONTROLLER] getUserById - params.id: targetUserId

      at Object.log [as getUserById] (controllers/userController.js:30:17)

    console.log
      [CONTROLLER] getUserById - req.userId: myUserId

      at Object.log [as getUserById] (controllers/userController.js:28:17)

    console.log
      [CONTROLLER] getUserById - req.userRole: externo

      at Object.log [as getUserById] (controllers/userController.js:29:17)

    console.log
      [CONTROLLER] getUserById - params.id: targetUserId

      at Object.log [as getUserById] (controllers/userController.js:30:17)

    console.log
      [CONTROLLER] getUserById - user._id: targetUserId

      at Object.log [as getUserById] (controllers/userController.js:41:17)

    console.log
      [CONTROLLER] Acceso denegado - externo intentando ver otro usuario

      at Object.log [as getUserById] (controllers/userController.js:54:21)

    console.log
      Buscando usuario con documento: 123456

      at Object.log [as getUserByDocumento] (controllers/userController.js:84:17)

    console.log
      Usuario encontrado: {
        id: 'user1',
        nombre: undefined,
        apellido: undefined,
        fechaNacimiento: undefined,
        tieneFechaNacimiento: false
      }

      at Object.log [as getUserByDocumento] (controllers/userController.js:90:17)

    console.log
      🔍 ID exacto del usuario encontrado: user1

      at Object.log [as getUserByDocumento] (controllers/userController.js:97:17)

    console.log
      Buscando usuario con documento: 123456

      at Object.log [as getUserByDocumento] (controllers/userController.js:84:17)

    console.log
      Usuario no encontrado para documento: 123456

      at Object.log [as getUserByDocumento] (controllers/userController.js:87:21)

    console.log
      [CONTROLLER] Ejecutando updateOwnProfile para usuario: userId

      at Object.log [as updateOwnProfile] (controllers/userController.js:186:13)

    console.log
      [CONTROLLER] Datos recibidos: { nombre: 'New Name' }

      at Object.log [as updateOwnProfile] (controllers/userController.js:187:13)

    console.log
      [CONTROLLER] Datos a actualizar: { nombre: 'New Name' }

      at Object.log [as updateOwnProfile] (controllers/userController.js:229:17)

    console.log
      [CONTROLLER] Perfil actualizado exitosamente: userId

      at Object.log [as updateOwnProfile] (controllers/userController.js:248:17)

    console.log
      [CONTROLLER] Ejecutando updateOwnProfile para usuario: userId

      at Object.log [as updateOwnProfile] (controllers/userController.js:186:13)

    console.log
      [CONTROLLER] Datos recibidos: {}

      at Object.log [as updateOwnProfile] (controllers/userController.js:187:13)

    console.log
      [CONTROLLER] Usuario no encontrado para actualizar perfil

      at Object.log [as updateOwnProfile] (controllers/userController.js:207:21)

    console.log
      [CONTROLLER] Ejecutando changePassword para usuario: userId

      at Object.log [as changePassword] (controllers/userController.js:266:13)

    console.log
      [CONTROLLER] Contraseña cambiada exitosamente para usuario: userId

      at Object.log [as changePassword] (controllers/userController.js:299:17)

    console.log
      [CONTROLLER] Ejecutando changePassword para usuario: userId

      at Object.log [as changePassword] (controllers/userController.js:266:13)

    console.log
      [CONTROLLER ] Ejecutando deleteUser para ID: userId

      at Object.log [as deleteUser] (controllers/userController.js:357:13)

    console.log
      [CONTROLLER] Usuario eliminado: userId

      at Object.log [as deleteUser] (controllers/userController.js:368:17)

    console.log
      [CONTROLLER ] Ejecutando deleteUser para ID: userId

      at Object.log [as deleteUser] (controllers/userController.js:357:13)

    console.log
      [CONTROLLER] Usuario no encontrado para eliminar

      at Object.log [as deleteUser] (controllers/userController.js:362:21)

PASS __tests__/controllers/notificationController.test.js
PASS __tests__/controllers/inscripcionController.test.js
  ● Console

    console.log
      ✅ Notificación de inscripción enviada correctamente

      at Object.log [as crearInscripcion] (controllers/inscripcionController.js:236:15)

    console.log
      === OBTENER INSCRIPCIONES DEBUG ===

      at Object.log [as obtenerInscripciones] (controllers/inscripcionController.js:251:13)

    console.log
      [INSCRIPCIONES] Usuario: user-123 Rol: admin

      at Object.log [as obtenerInscripciones] (controllers/inscripcionController.js:252:13)

    console.log
      [INSCRIPCIONES] Headers: undefined

      at Object.log [as obtenerInscripciones] (controllers/inscripcionController.js:253:13)

    console.log
      [INSCRIPCIONES] Filtro aplicado: {}

      at Object.log [as obtenerInscripciones] (controllers/inscripcionController.js:261:13)

    console.log
      [INSCRIPCIONES] Encontradas: 2

      at Object.log [as obtenerInscripciones] (controllers/inscripcionController.js:269:13)

    console.log
      [INSCRIPCIONES] Primera inscripción: {
        nombre: 'Test 1',
        apellido: undefined,
        usuario: undefined,
        tipoReferencia: undefined
      }

      at Object.log [as obtenerInscripciones] (controllers/inscripcionController.js:270:13)

    console.log
      === OBTENER INSCRIPCIONES DEBUG ===

      at Object.log [as obtenerInscripciones] (controllers/inscripcionController.js:251:13)

    console.log
      [INSCRIPCIONES] Usuario: user-123 Rol: seminarista

      at Object.log [as obtenerInscripciones] (controllers/inscripcionController.js:252:13)

    console.log
      [INSCRIPCIONES] Headers: undefined

      at Object.log [as obtenerInscripciones] (controllers/inscripcionController.js:253:13)

    console.log
      [INSCRIPCIONES] Filtrando por usuario: user-123

      at Object.log [as obtenerInscripciones] (controllers/inscripcionController.js:258:15)

    console.log
      [INSCRIPCIONES] Filtro aplicado: {
        "usuario": "user-123"
      }

      at Object.log [as obtenerInscripciones] (controllers/inscripcionController.js:261:13)

    console.log
      [INSCRIPCIONES] Encontradas: 1

      at Object.log [as obtenerInscripciones] (controllers/inscripcionController.js:269:13)

    console.log
      [INSCRIPCIONES] Primera inscripción: {
        nombre: undefined,
        apellido: undefined,
        usuario: undefined,
        tipoReferencia: undefined
      }

      at Object.log [as obtenerInscripciones] (controllers/inscripcionController.js:270:13)

PASS __tests__/controllers/cabanasController.test.js
  ● Console

    console.log
      [CABANAS] crearCabana - Iniciando creación

      at Object.log [as crearCabana] (controllers/cabanasController.js:7:13)

    console.log
      [CABANAS] req.body: {
        nombre: 'Cabaña Test',
        descripcion: 'Descripción test',
        capacidad: 4,
        precio: 100,
        categoria: '507f1f77bcf86cd799439011'
      }

      at Object.log [as crearCabana] (controllers/cabanasController.js:8:13)

    console.log
      [CABANAS] req.files: 0

      at Object.log [as crearCabana] (controllers/cabanasController.js:9:13)

    console.log
      [CABANAS] req.cloudinaryUrls: [ 'https://cloudinary.com/image1.jpg' ]

      at Object.log [as crearCabana] (controllers/cabanasController.js:10:13)

    console.log
      [CABANAS] Imágenes a guardar: [ 'https://cloudinary.com/image1.jpg' ]

      at Object.log [as crearCabana] (controllers/cabanasController.js:43:11)

    console.log
      [CABANAS] Datos completos para crear cabaña: {
        nombre: 'Cabaña Test',
        descripcion: 'Descripción test',
        capacidad: 4,
        categoria: '507f1f77bcf86cd799439011',
        precio: 100,
        ubicacion: '',
        estado: 'disponible',
        imagen: [ 'https://cloudinary.com/image1.jpg' ],
        creadoPor: 'user-123'
      }

      at Object.log [as crearCabana] (controllers/cabanasController.js:57:11)

    console.log
      [CABANAS] Cabaña creada en memoria, guardando...

      at Object.log [as crearCabana] (controllers/cabanasController.js:60:11)

    console.log
      [CABANAS] Cabaña guardada exitosamente: cabana-123

      at Object.log [as crearCabana] (controllers/cabanasController.js:63:11)

    console.log
      [CABANAS] crearCabana - Iniciando creación

      at Object.log [as crearCabana] (controllers/cabanasController.js:7:13)

    console.log
      [CABANAS] req.body: {
        descripcion: 'Test',
        capacidad: 4,
        precio: 100,
        categoria: '507f1f77bcf86cd799439011'
      }

      at Object.log [as crearCabana] (controllers/cabanasController.js:8:13)

    console.log
      [CABANAS] req.files: 0

      at Object.log [as crearCabana] (controllers/cabanasController.js:9:13)

    console.log
      [CABANAS] req.cloudinaryUrls: []

      at Object.log [as crearCabana] (controllers/cabanasController.js:10:13)

    console.log
      [CABANAS] crearCabana - Iniciando creación

      at Object.log [as crearCabana] (controllers/cabanasController.js:7:13)

    console.log
      [CABANAS] req.body: {
        nombre: 'Test',
        capacidad: 4,
        precio: 100,
        categoria: '507f1f77bcf86cd799439011'
      }

      at Object.log [as crearCabana] (controllers/cabanasController.js:8:13)

    console.log
      [CABANAS] req.files: 0

      at Object.log [as crearCabana] (controllers/cabanasController.js:9:13)

    console.log
      [CABANAS] req.cloudinaryUrls: []

      at Object.log [as crearCabana] (controllers/cabanasController.js:10:13)

    console.log
      [CABANAS] crearCabana - Iniciando creación

      at Object.log [as crearCabana] (controllers/cabanasController.js:7:13)

    console.log
      [CABANAS] req.body: {
        nombre: 'Test',
        descripcion: 'Test desc',
        capacidad: 0,
        precio: 100,
        categoria: '507f1f77bcf86cd799439011'
      }

      at Object.log [as crearCabana] (controllers/cabanasController.js:8:13)

    console.log
      [CABANAS] req.files: 0

      at Object.log [as crearCabana] (controllers/cabanasController.js:9:13)

    console.log
      [CABANAS] req.cloudinaryUrls: []

      at Object.log [as crearCabana] (controllers/cabanasController.js:10:13)

    console.log
      [CABANAS] crearCabana - Iniciando creación

      at Object.log [as crearCabana] (controllers/cabanasController.js:7:13)

    console.log
      [CABANAS] req.body: {
        nombre: 'Test',
        descripcion: 'Test desc',
        capacidad: 4,
        precio: -1,
        categoria: '507f1f77bcf86cd799439011'
      }

      at Object.log [as crearCabana] (controllers/cabanasController.js:8:13)

    console.log
      [CABANAS] req.files: 0

      at Object.log [as crearCabana] (controllers/cabanasController.js:9:13)

    console.log
      [CABANAS] req.cloudinaryUrls: []

      at Object.log [as crearCabana] (controllers/cabanasController.js:10:13)

    console.log
      [CABANAS] crearCabana - Iniciando creación

      at Object.log [as crearCabana] (controllers/cabanasController.js:7:13)

    console.log
      [CABANAS] req.body: {
        nombre: 'Test',
        descripcion: 'Test desc',
        capacidad: 4,
        precio: 100,
        categoria: '507f1f77bcf86cd799439011'
      }

      at Object.log [as crearCabana] (controllers/cabanasController.js:8:13)

    console.log
      [CABANAS] req.files: 0

      at Object.log [as crearCabana] (controllers/cabanasController.js:9:13)

    console.log
      [CABANAS] req.cloudinaryUrls: []

      at Object.log [as crearCabana] (controllers/cabanasController.js:10:13)

    console.log
      [CABAÑAS] Se eliminaron 3 reservas asociadas a la cabaña.

      at Object.log [as eliminarCabana] (controllers/cabanasController.js:207:13)

PASS __tests__/controllers/comentarioEventoController.test.js
PASS __tests__/controllers/solicitudController.test.js
  ● Console

    console.log
      === INICIO CREAR SOLICITUD ===

      at Object.log [as crearSolicitud] (controllers/solicitudController.js:131:15)

    console.log
      req.body: {
        solicitante: 'user-123',
        titulo: 'Test Solicitud',
        correo: 'test@test.com',
        telefono: '123',
        tipoSolicitud: 'General',
        descripcion: 'Test description'
      }

      at Object.log [as crearSolicitud] (controllers/solicitudController.js:132:15)

    console.log
      req.userId: user-123

      at Object.log [as crearSolicitud] (controllers/solicitudController.js:133:15)

    console.log
      === DEBUG CREAR SOLICITUD ===

      at Object.log [as crearSolicitud] (controllers/solicitudController.js:158:15)

    console.log
      req.userId: user-123

      at Object.log [as crearSolicitud] (controllers/solicitudController.js:159:15)

    console.log
      req.body.responsable: undefined

      at Object.log [as crearSolicitud] (controllers/solicitudController.js:160:15)

    console.log
      req.body: {
        solicitante: 'user-123',
        titulo: 'Test Solicitud',
        correo: 'test@test.com',
        telefono: '123',
        tipoSolicitud: 'General',
        descripcion: 'Test description'
      }

      at Object.log [as crearSolicitud] (controllers/solicitudController.js:161:15)

    console.log
      responsable final: user-123

      at Object.log [as crearSolicitud] (controllers/solicitudController.js:168:15)

    console.log
      ✅ Notificación de nueva solicitud enviada correctamente

      at log (controllers/solicitudController.js:40:15)

    console.log
      === INICIO CREAR SOLICITUD ===

      at Object.log [as crearSolicitud] (controllers/solicitudController.js:131:15)

    console.log
      req.body: {
        solicitante: 'user-123',
        tipoSolicitud: 'Inscripción',
        modeloReferencia: 'Invalid'
      }

      at Object.log [as crearSolicitud] (controllers/solicitudController.js:132:15)

    console.log
      req.userId: user-123

      at Object.log [as crearSolicitud] (controllers/solicitudController.js:133:15)

    console.log
      === ACTUALIZANDO SOLICITUD ===

      at Object.log [as actualizarSolicitud] (controllers/solicitudController.js:225:15)

    console.log
      ID: sol-123

      at Object.log [as actualizarSolicitud] (controllers/solicitudController.js:226:15)

    console.log
      Datos recibidos: { titulo: 'Updated' }

      at Object.log [as actualizarSolicitud] (controllers/solicitudController.js:227:15)

    console.log
      Usuario: user-123

      at Object.log [as actualizarSolicitud] (controllers/solicitudController.js:228:15)

    console.log
      Datos finales a actualizar: {
        titulo: 'Updated',
        responsable: 'user-123',
        modificadoPor: 'user-123',
        fechaRespuesta: 2025-11-29T03:52:09.510Z
      }

      at Object.log [as actualizarSolicitud] (controllers/solicitudController.js:257:15)

    console.log
      Solicitud actualizada exitosamente: sol-123

      at Object.log [as actualizarSolicitud] (controllers/solicitudController.js:276:15)

    console.log
      === ACTUALIZANDO SOLICITUD ===

      at Object.log [as actualizarSolicitud] (controllers/solicitudController.js:225:15)

    console.log
      ID: nonexistent

      at Object.log [as actualizarSolicitud] (controllers/solicitudController.js:226:15)

    console.log
      Datos recibidos: { titulo: 'Updated' }

      at Object.log [as actualizarSolicitud] (controllers/solicitudController.js:227:15)

    console.log
      Usuario: user-123

      at Object.log [as actualizarSolicitud] (controllers/solicitudController.js:228:15)

    console.log
      Datos finales a actualizar: {
        titulo: 'Updated',
        responsable: 'user-123',
        modificadoPor: 'user-123',
        fechaRespuesta: 2025-11-29T03:52:09.513Z
      }

      at Object.log [as actualizarSolicitud] (controllers/solicitudController.js:257:15)

    console.log
      Solicitud no encontrada con ID: nonexistent

      at Object.log [as actualizarSolicitud] (controllers/solicitudController.js:269:17)

PASS __tests__/middlewares/verifySignUp.test.js
PASS __tests__/middlewares/role.test.js
  ● Console

    console.log
      Acceso denegado para test@example.com (externo) en ruta /test

      at log (middlewares/role.js:11:21)

    console.error
      intento de verificar rol son token valido

      2 |     return (req, res, next )=>{
      3 |         if(!req.userRole){
    > 4 |             console.error('intento de verificar rol son token valido');
        |                     ^
      5 |             return res.status(500).json({
      6 |                 success: false,
      7 |                 message: 'Error al verificar rol'

      at error (middlewares/role.js:4:21)
      at Object.middleware (__tests__/middlewares/role.test.js:48:7)

    console.log
      Acceso denegado para test@example.com (tesorero) en ruta /test

      at log (middlewares/role.js:11:21)

PASS __tests__/utils/userValidation.test.js
PASS __tests__/utils/roleValidation.test.js
FAIL __tests__/controllers/reportesController.test.js
  ● Test suite failed to run

    TypeError: reporteSchema.index is not a function

      92 |
      93 | // Índices para mejorar performance
    > 94 | reporteSchema.index({ tipo: 1, 'filtros.fechaInicio': 1, 'filtros.fechaFin': 1 });
         |               ^
      95 | reporteSchema.index({ creadoPor: 1, fechaGeneracion: -1 });
      96 | reporteSchema.index({ estado: 1 });
      97 |

      at Object.index (models/Reportes.js:94:15)
      at Object.require (controllers/reportesControllers.js:10:17)
      at Object.require (__tests__/controllers/reportesController.test.js:1:28)

---------------------------------|---------|----------|---------|---------|------------------------------------------------------------------------------------------------------------------------------------------------------------------------------
File                             | % Stmts | % Branch | % Funcs | % Lines | Uncovered Line #s                                                                                                                                                            
---------------------------------|---------|----------|---------|---------|------------------------------------------------------------------------------------------------------------------------------------------------------------------------------
All files                        |   49.33 |    36.51 |   52.73 |   50.24 |                                                                                                                                                                              
 backend                         |       0 |        0 |       0 |       0 |                                                                                                                                                                              
  config.js                      |       0 |        0 |     100 |       0 | 1                                                                                                                                                                            
  database.js                    |       0 |      100 |       0 |       0 | 1-17                                                                                                                                                                         
  server.js                      |       0 |        0 |       0 |       0 | 1-165                                                                                                                                                                        
 backend/config                  |       0 |        0 |     100 |       0 |                                                                                                                                                                              
  auth.config.js                 |       0 |        0 |     100 |       0 | 1-3                                                                                                                                                                          
  cloudinary.js                  |       0 |      100 |     100 |       0 | 1-8                                                                                                                                                                          
  db.js                          |       0 |        0 |     100 |       0 | 1                                                                                                                                                                            
 backend/controllers             |   57.46 |    42.13 |    64.6 |   58.87 |                                                                                                                                                                              
  authControllers.js             |   48.66 |    41.79 |   33.33 |   48.99 | 23,91-100,116-117,175-176,185-251,259-284,355,360,365-413,423-457                                                                                                            
  cabanasController.js           |    67.4 |    54.65 |   84.61 |   68.99 | 33,67-69,94,103-107,116-130,140-142,147-148,157-173,194,214,230,234,272-273                                                                                                  
  categorizacionController.js    |   69.34 |    49.18 |     100 |   71.21 | 33,56-57,86-87,114-115,130,137-197,230,242-243,267,296-297,328,333,377                                                                                                       
  certificadoControllers.js      |   28.42 |    22.72 |      60 |   29.03 | 26,42-169                                                                                                                                                                    
  comentarioEventoController.js  |   78.86 |    65.78 |      75 |   88.57 | 21-23,30-31,52,69,86,104,122,138,156                                                                                                                                         
  eventosController.js           |   50.36 |    43.47 |   38.46 |   50.37 | 20-21,42-49,84,88,99-101,131-133,152,159,173,182,193,200-206,213-224,230-268,278-293,303-320,329-333,339-371                                                                 
  inscripcionController.js       |   67.11 |       50 |      85 |   67.11 | 12,21,34,37,48-56,65,69,75-87,95,110,116,128,135,144,160-161,185-193,225-226,238,244,279-280,286-300,306-333,347,362,367,373,378,384,394,401,409-411,419,444,455,474,504-505 
  notificationController.js      |     100 |      100 |     100 |     100 |                                                                                                                                                                              
  programaAcademicoController.js |   94.44 |    96.66 |     100 |   94.44 | 64,84,98                                                                                                                                                                     
  reportesControllers.js         |       0 |        0 |       0 |       0 | 1-838                                                                                                                                                                        
  reservasController.js          |   52.69 |    20.37 |   64.28 |   52.14 | 27-33,38-51,56-66,71-92,116-189,207-236,246-247,258-264,270,280,290,301,308,313                                                                                              
  solicitudController.js         |   77.16 |    62.33 |   92.85 |   77.01 | 11,18-19,43,87-88,119-120,138-140,172-175,212-213,233-234,284-297,310,319,346,359-360,385,398-399,432-433,452,492-493                                                        
  tareaController.js             |   75.75 |    55.55 |     100 |   75.57 | 8,15,37,54-55,68-79,115,123-124,147,156,171-172,187,197,213-214,241,272,287,314,326,350,377,413-414                                                                          
  userController.js              |   79.35 |    66.12 |     100 |   85.31 | 60-73,100-101,176,241-242,255-256,271,280,305-306,333,346,350,374-375                                                                                                        
 backend/middlewares             |   46.38 |    31.74 |      50 |   45.62 |                                                                                                                                                                              
  auth.js                        |       0 |        0 |       0 |       0 | 1-43                                                                                                                                                                         
  authJwt.js                     |    22.5 |    11.76 |       0 |    22.5 | 9-29,38-64,74-75                                                                                                                                                             
  index.js                       |     100 |      100 |     100 |     100 |                                                                                                                                                                              
  normalizeUserData.js           |       0 |        0 |       0 |       0 | 1-16                                                                                                                                                                         
  role.js                        |     100 |      100 |     100 |     100 |                                                                                                                                                                              
  uploadCloudinary.js            |   56.52 |    42.85 |      50 |   57.77 | 18-40,49-50,65,78-80                                                                                                                                                         
  validateEvents.js              |   18.18 |        0 |       0 |   18.18 | 2-35                                                                                                                                                                         
  verifySignUp.js                |     100 |      100 |     100 |     100 |                                                                                                                                                                              
 backend/models                  |    27.4 |        0 |       0 |   27.61 |                                                                                                                                                                              
  Cabana.js                      |     100 |      100 |     100 |     100 |                                                                                                                                                                              
  ComentarioEvento.js            |     100 |      100 |     100 |     100 |                                                                                                                                                                              
  Eventos.js                     |     100 |      100 |     100 |     100 |                                                                                                                                                                              
  Inscripciones.js               |   15.38 |        0 |       0 |   15.38 | 69-94,113-121                                                                                                                                                                
  Notification.js                |     100 |      100 |     100 |     100 |                                                                                                                                                                              
  ProgramaAcademico.js           |     100 |      100 |     100 |     100 |                                                                                                                                                                              
  Reportes.js                    |       0 |        0 |       0 |       0 | 1-176                                                                                                                                                                        
  Reservas.js                    |     100 |      100 |     100 |     100 |                                                                                                                                                                              
  Solicitud.js                   |      75 |        0 |       0 |      75 | 37                                                                                                                                                                           
  Tarea.js                       |     100 |      100 |     100 |     100 |                                                                                                                                                                              
  User.js                        |   23.07 |        0 |       0 |      24 | 41-70,160-167,173                                                                                                                                                            
  categorizacion.js              |     100 |      100 |     100 |     100 |                                                                                                                                                                              
  index.js                       |       0 |      100 |     100 |       0 | 1-14                                                                                                                                                                         
 backend/routes                  |    27.8 |       50 |      60 |   27.42 |                                                                                                                                                                              
  authRoutes.js                  |   85.18 |       50 |      75 |   85.18 | 15-16,36-37                                                                                                                                                                  
  cabanasRoutes.js               |       0 |      100 |       0 |       0 | 1-46                                                                                                                                                                         
  categorizacionRoutes.js        |       0 |      100 |     100 |       0 | 1-33                                                                                                                                                                         
  certificadoRoutes.js           |       0 |      100 |     100 |       0 | 1-14                                                                                                                                                                         
  comentarioEventoRoutes.js      |       0 |      100 |     100 |       0 | 1-25                                                                                                                                                                         
  eventosRoutes.js               |     100 |      100 |     100 |     100 |                                                                                                                                                                              
  inscripcionRoutes.js           |       0 |      100 |     100 |       0 | 1-30                                                                                                                                                                         
  notificationRoutes.js          |       0 |      100 |     100 |       0 | 1-27                                                                                                                                                                         
  programaAcademicoRoutes.js     |       0 |      100 |     100 |       0 | 1-31                                                                                                                                                                         
  reportesRoutes.js              |       0 |      100 |     100 |       0 | 1-24                                                                                                                                                                         
  reservasRoutes.js              |       0 |      100 |     100 |       0 | 1-29                                                                                                                                                                         
  solicitudRoutes.js             |       0 |      100 |       0 |       0 | 1-131                                                                                                                                                                        
  tareaRoutes.js                 |       0 |      100 |     100 |       0 | 1-29                                                                                                                                                                         
  userRoutes.js                  |     100 |       50 |     100 |     100 | 11-12                                                                                                                                                                        
 backend/utils                   |   26.41 |    19.71 |   14.28 |   28.12 |                                                                                                                                                                              
  notificationUtils.js           |     7.5 |        0 |       0 |    7.69 | 13-132                                                                                                                                                                       
  reportUtils.js                 |       0 |        0 |       0 |       0 | 9-57                                                                                                                                                                         
  roleValidation.js              |     100 |      100 |     100 |     100 |                                                                                                                                                                              
  sendEmail.js                   |      80 |       50 |       0 |      80 | 29-39                                                                                                                                                                        
  solicitudUtils.js              |    4.34 |        0 |       0 |    5.88 | 9-41                                                                                                                                                                         
  userValidation.js              |     100 |      100 |     100 |     100 |                                                                                                                                                                              
---------------------------------|---------|----------|---------|---------|------------------------------------------------------------------------------------------------------------------------------------------------------------------------------
Jest: "global" coverage threshold for statements (80%) not met: 49.33%
Jest: "global" coverage threshold for branches (80%) not met: 36.51%
Jest: "global" coverage threshold for lines (80%) not met: 50.24%
Jest: "global" coverage threshold for functions (80%) not met: 52.73%
Test Suites: 5 failed, 14 passed, 19 total
Tests:       17 failed, 195 passed, 212 total
Snapshots:   0 total
Time:        5.929 s
Ran all test suites.
